tasks.c:759:16:xTaskCreate	64	static
tasks.c:847:16:xTaskPeriodicCreate	64	static
tasks.c:936:16:xTaskSporadicCreate	64	static
tasks.c:1027:13:prvInitialiseNewTask	40	static,ignoring_inline_asm
tasks.c:1288:13:prvAddNewTaskToReadyList	16	static,ignoring_inline_asm
tasks.c:1374:10:vTaskDelete	24	static,ignoring_inline_asm
tasks.c:1469:10:vTaskDelayUntil	48	static,ignoring_inline_asm
tasks.c:1554:10:vTaskDelay	24	static,ignoring_inline_asm
tasks.c:1599:16:eTaskGetState	48	static,ignoring_inline_asm
tasks.c:1696:17:uxTaskPriorityGet	24	static
tasks.c:1718:17:uxTaskPriorityGetFromISR	40	static,ignoring_inline_asm
tasks.c:1758:10:vTaskPrioritySet	40	static,ignoring_inline_asm
tasks.c:1924:10:vTaskSuspend	32	static,ignoring_inline_asm
tasks.c:2030:23:prvTaskIsTaskSuspended	32	static,ignoring_inline_asm
tasks.c:2076:10:vTaskResume	24	static,ignoring_inline_asm
tasks.c:2130:16:xTaskResumeFromISR	48	static,ignoring_inline_asm
tasks.c:2200:6:vTaskStartScheduler	40	static,ignoring_inline_asm
tasks.c:2337:6:vTaskEndScheduler	16	static,ignoring_inline_asm
tasks.c:2348:6:vTaskSuspendAll	4	static,ignoring_inline_asm
tasks.c:2432:12:xTaskResumeAll	24	static,ignoring_inline_asm
tasks.c:2543:12:xTaskGetTickCount	16	static
tasks.c:2558:12:xTaskGetTickCountFromISR	16	static
tasks.c:2589:13:uxTaskGetNumberOfTasks	4	static
tasks.c:2597:8:pcTaskGetName	24	static,ignoring_inline_asm
tasks.c:2611:20:prvSearchForNameWithinSingleList	48	static
tasks.c:2680:18:xTaskGetHandle	32	static,ignoring_inline_asm
tasks.c:2744:17:uxTaskGetSystemState	32	static
tasks.c:2849:12:xTaskCatchUpTicks	24	static,ignoring_inline_asm
tasks.c:2947:12:xTaskIncrementTick	48	static,ignoring_inline_asm
tasks.c:3237:6:vTaskSwitchContext	4	static
tasks.c:3319:6:vTaskPlaceOnEventList	24	static,ignoring_inline_asm
tasks.c:3337:6:vTaskPlaceOnUnorderedEventList	32	static,ignoring_inline_asm
tasks.c:3365:10:vTaskPlaceOnEventListRestricted	32	static,ignoring_inline_asm
tasks.c:3398:12:xTaskRemoveFromEventList	32	static,ignoring_inline_asm
tasks.c:3466:6:vTaskRemoveFromUnorderedEventList	32	static,ignoring_inline_asm
tasks.c:3515:6:vTaskSetTimeOutState	24	static,ignoring_inline_asm
tasks.c:3527:6:vTaskInternalSetTimeOutState	16	static
tasks.c:3535:12:xTaskCheckForTimeOut	40	static,ignoring_inline_asm
tasks.c:3600:6:vTaskMissedYield	4	static
tasks.c:3608:17:uxTaskGetTaskNumber	24	static
tasks.c:3631:10:vTaskSetTaskNumber	24	static
tasks.c:3656:8:prvIdleTask	16	static,ignoring_inline_asm
tasks.c:3881:13:prvInitialiseTaskLists	8	static
tasks.c:3920:13:prvCheckTasksWaitingTermination	16	static
tasks.c:3950:10:vTaskGetInfo	32	static
tasks.c:4049:24:prvListTasksWithinSingleList	48	static
tasks.c:4084:35:prvTaskCheckFreeStackSpace	24	static
tasks.c:4144:17:uxTaskGetStackHighWaterMark	32	static
tasks.c:4172:17:prvDeleteTCB	16	static
tasks.c:4228:13:prvResetNextTaskUnblockTime	4	static
tasks.c:4251:18:xTaskGetCurrentTaskHandle	16	static
tasks.c:4268:16:xTaskGetSchedulerState	16	static
tasks.c:4296:16:xTaskPriorityInherit	24	static
tasks.c:4386:16:xTaskPriorityDisinherit	32	static,ignoring_inline_asm
tasks.c:4466:10:vTaskPriorityDisinheritAfterTimeout	40	static,ignoring_inline_asm
tasks.c:4891:12:uxTaskResetEventItemValue	16	static
tasks.c:4907:18:pvTaskIncrementMutexHeldCount	4	static
tasks.c:4924:14:ulTaskGenericNotifyTake	32	static,ignoring_inline_asm
tasks.c:4996:16:xTaskGenericNotifyWait	32	static,ignoring_inline_asm
tasks.c:5082:16:xTaskGenericNotify	56	static,ignoring_inline_asm
tasks.c:5205:16:xTaskGenericNotifyFromISR	72	static,ignoring_inline_asm
tasks.c:5344:10:vTaskGenericNotifyGiveFromISR	64	static,ignoring_inline_asm
tasks.c:5433:16:xTaskGenericNotifyStateClear	32	static,ignoring_inline_asm
tasks.c:5467:14:ulTaskGenericNotifyValueClear	32	static
tasks.c:5503:13:prvAddCurrentTaskToDelayedList	24	static
tasks.c:5618:10:vTaskAddToReadyListManualISR	40	static,ignoring_inline_asm
tasks.c:5659:10:vTaskBlockIndefinitely	16	static,ignoring_inline_asm
tasks.c:5693:6:getTaskName	16	static
